// Jest Snapshot v1, https://goo.gl/fbAQLP

exports[`ðŸ—„ Router Store Create with pathname 1`] = `
Object {
  "params": "",
  "pathname": "/test",
}
`;

exports[`ðŸ—„ Router Store Init 1`] = `
Object {
  "params": "",
  "pathname": "",
}
`;

exports[`ðŸ—„ Router Store Open page 1`] = `
Object {
  "params": "",
  "pathname": "/contact",
}
`;
